------------------------------------------------------------
TimeQuest Timing Analyzer Summary
------------------------------------------------------------

Type  : Slow 1200mV 85C Model Setup 'clk_16'
Slack : 52.748
TNS   : 0.000

Type  : Slow 1200mV 85C Model Setup 'clksrc1|altpll_component|auto_generated|pll1|clk[0]'
Slack : 56.039
TNS   : 0.000

Type  : Slow 1200mV 85C Model Hold 'clksrc1|altpll_component|auto_generated|pll1|clk[0]'
Slack : 0.402
TNS   : 0.000

Type  : Slow 1200mV 85C Model Hold 'clk_16'
Slack : 3.371
TNS   : 0.000

Type  : Slow 1200mV 85C Model Recovery 'clksrc1|altpll_component|auto_generated|pll1|clk[0]'
Slack : 54.442
TNS   : 0.000

Type  : Slow 1200mV 85C Model Removal 'clksrc1|altpll_component|auto_generated|pll1|clk[0]'
Slack : 3.709
TNS   : 0.000

Type  : Slow 1200mV 85C Model Minimum Pulse Width 'clk'
Slack : 9999.891
TNS   : 0.000

Type  : Slow 1200mV 85C Model Minimum Pulse Width 'clksrc1|altpll_component|auto_generated|pll1|clk[0]'
Slack : 499999.710
TNS   : 0.000

Type  : Slow 1200mV 0C Model Setup 'clk_16'
Slack : 53.428
TNS   : 0.000

Type  : Slow 1200mV 0C Model Setup 'clksrc1|altpll_component|auto_generated|pll1|clk[0]'
Slack : 56.908
TNS   : 0.000

Type  : Slow 1200mV 0C Model Hold 'clksrc1|altpll_component|auto_generated|pll1|clk[0]'
Slack : 0.353
TNS   : 0.000

Type  : Slow 1200mV 0C Model Hold 'clk_16'
Slack : 3.083
TNS   : 0.000

Type  : Slow 1200mV 0C Model Recovery 'clksrc1|altpll_component|auto_generated|pll1|clk[0]'
Slack : 55.471
TNS   : 0.000

Type  : Slow 1200mV 0C Model Removal 'clksrc1|altpll_component|auto_generated|pll1|clk[0]'
Slack : 3.188
TNS   : 0.000

Type  : Slow 1200mV 0C Model Minimum Pulse Width 'clk'
Slack : 9999.887
TNS   : 0.000

Type  : Slow 1200mV 0C Model Minimum Pulse Width 'clksrc1|altpll_component|auto_generated|pll1|clk[0]'
Slack : 499999.711
TNS   : 0.000

Type  : Fast 1200mV 0C Model Setup 'clk_16'
Slack : 57.025
TNS   : 0.000

Type  : Fast 1200mV 0C Model Setup 'clksrc1|altpll_component|auto_generated|pll1|clk[0]'
Slack : 58.603
TNS   : 0.000

Type  : Fast 1200mV 0C Model Hold 'clksrc1|altpll_component|auto_generated|pll1|clk[0]'
Slack : 0.181
TNS   : 0.000

Type  : Fast 1200mV 0C Model Hold 'clk_16'
Slack : 1.723
TNS   : 0.000

Type  : Fast 1200mV 0C Model Recovery 'clksrc1|altpll_component|auto_generated|pll1|clk[0]'
Slack : 57.714
TNS   : 0.000

Type  : Fast 1200mV 0C Model Removal 'clksrc1|altpll_component|auto_generated|pll1|clk[0]'
Slack : 1.819
TNS   : 0.000

Type  : Fast 1200mV 0C Model Minimum Pulse Width 'clk'
Slack : 9999.574
TNS   : 0.000

Type  : Fast 1200mV 0C Model Minimum Pulse Width 'clksrc1|altpll_component|auto_generated|pll1|clk[0]'
Slack : 499999.780
TNS   : 0.000

------------------------------------------------------------
